HTTP/1.1 204 No Content
HTTP/1.1 201 Created
Content-Location: /test.txt
This is a test.